| createHttpServer(...) | Insecure HTTP server which allows unencrypted HTTP connections |
