| InsecureHttpServer.java:17:29:17:52 | createHttpServer(...) | Insecure HTTP server which allows unencrypted HTTP connections |
