| InvocationOfVertxVertx.java:13:9:13:21 | vertx(...) | Invocation of VertX.vertx() |
